// Jest Snapshot v1, https://goo.gl/fbAQLP

exports[`App should be rendered and match the snapshot 1`] = `
<div
  className="App"
>
  <header
    className="App-header"
  >
    <div />
  </header>
</div>
`;
